{
  "version": "1.5.0",
  "plugins_used": [
    {
      "name": "ArtifactoryDetector"
    },
    {
      "name": "AWSKeyDetector"
    },
    {
      "name": "AzureStorageKeyDetector"
    },
    {
      "name": "Base64HighEntropyString",
      "limit": 4.5
    },
    {
      "name": "BasicAuthDetector"
    },
    {
      "name": "CloudantDetector"
    },
    {
      "name": "DiscordBotTokenDetector"
    },
    {
      "name": "GitHubTokenDetector"
    },
    {
      "name": "GitLabTokenDetector"
    },
    {
      "name": "HexHighEntropyString",
      "limit": 3.0
    },
    {
      "name": "IbmCloudIamDetector"
    },
    {
      "name": "IbmCosHmacDetector"
    },
    {
      "name": "IPPublicDetector"
    },
    {
      "name": "JwtTokenDetector"
    },
    {
      "name": "KeywordDetector",
      "keyword_exclude": ""
    },
    {
      "name": "MailchimpDetector"
    },
    {
      "name": "NpmDetector"
    },
    {
      "name": "OpenAIDetector"
    },
    {
      "name": "PrivateKeyDetector"
    },
    {
      "name": "PypiTokenDetector"
    },
    {
      "name": "SendGridDetector"
    },
    {
      "name": "SlackDetector"
    },
    {
      "name": "SoftlayerDetector"
    },
    {
      "name": "SquareOAuthDetector"
    },
    {
      "name": "StripeDetector"
    },
    {
      "name": "TelegramBotTokenDetector"
    },
    {
      "name": "TwilioKeyDetector"
    }
  ],
  "filters_used": [
    {
      "path": "detect_secrets.filters.allowlist.is_line_allowlisted"
    },
    {
      "path": "detect_secrets.filters.common.is_baseline_file",
      "filename": ".secrets.baseline"
    },
    {
      "path": "detect_secrets.filters.common.is_ignored_due_to_verification_policies",
      "min_level": 2
    },
    {
      "path": "detect_secrets.filters.heuristic.is_indirect_reference"
    },
    {
      "path": "detect_secrets.filters.heuristic.is_likely_id_string"
    },
    {
      "path": "detect_secrets.filters.heuristic.is_lock_file"
    },
    {
      "path": "detect_secrets.filters.heuristic.is_not_alphanumeric_string"
    },
    {
      "path": "detect_secrets.filters.heuristic.is_potential_uuid"
    },
    {
      "path": "detect_secrets.filters.heuristic.is_prefixed_with_dollar_sign"
    },
    {
      "path": "detect_secrets.filters.heuristic.is_sequential_string"
    },
    {
      "path": "detect_secrets.filters.heuristic.is_swagger_file"
    },
    {
      "path": "detect_secrets.filters.heuristic.is_templated_secret"
    },
    {
      "path": "detect_secrets.filters.regex.should_exclude_file",
      "pattern": [
        "(\\.venv|pnpm-lock\\.yaml$|package-lock\\.json$|\\.backups/)"
      ]
    },
    {
      "path": "detect_secrets.filters.regex.should_exclude_line",
      "pattern": [
        "api_key.*example",
        "password.*test",
        "sk-test-"
      ]
    }
  ],
  "results": {
    ".gitleaks.toml": [
      {
        "type": "Hex High Entropy String",
        "filename": ".gitleaks.toml",
        "hashed_secret": "0857abc2d90c5d9821229fc0a880f1c38ffb0e04",
        "is_verified": false,
        "line_number": 10
      }
    ],
    "deploy\\operational-factory\\.env.example": [
      {
        "type": "Basic Auth Credentials",
        "filename": "deploy\\operational-factory\\.env.example",
        "hashed_secret": "c55ecbd79b2b1f5bab4af0d863b337d0627b2eab",
        "is_verified": false,
        "line_number": 10
      }
    ],
    "deploy\\operational-factory\\app\\settings.py": [
      {
        "type": "Basic Auth Credentials",
        "filename": "deploy\\operational-factory\\app\\settings.py",
        "hashed_secret": "546d48cd971613f7bcd062f1de824491d1c6c0e2",
        "is_verified": false,
        "line_number": 10
      }
    ],
    "deploy\\register-bot.sh": [
      {
        "type": "Secret Keyword",
        "filename": "deploy\\register-bot.sh",
        "hashed_secret": "df7a374a702536d2a16082c35d4725e1952ac24e",
        "is_verified": false,
        "line_number": 7
      }
    ],
    "docs\\user\\HANDBOOK.md": [
      {
        "type": "Secret Keyword",
        "filename": "docs\\user\\HANDBOOK.md",
        "hashed_secret": "59db85718c97565baccfdc97399b359640ad2eff",
        "is_verified": false,
        "line_number": 1028
      },
      {
        "type": "Secret Keyword",
        "filename": "docs\\user\\HANDBOOK.md",
        "hashed_secret": "e1326c639778dd034c9a53d182e69ec650097831",
        "is_verified": false,
        "line_number": 1201
      },
      {
        "type": "Secret Keyword",
        "filename": "docs\\user\\HANDBOOK.md",
        "hashed_secret": "4dd0eb345270efc47af3f55998ffc216437cc631",
        "is_verified": false,
        "line_number": 3319
      },
      {
        "type": "Secret Keyword",
        "filename": "docs\\user\\HANDBOOK.md",
        "hashed_secret": "96c682c88ed551f22fe76d206c2dfb7df9221ad9",
        "is_verified": false,
        "line_number": 3722
      },
      {
        "type": "Secret Keyword",
        "filename": "docs\\user\\HANDBOOK.md",
        "hashed_secret": "a616a64c0fbc30f12287d0f24f3b90dd2e6a206e",
        "is_verified": false,
        "line_number": 3764
      },
      {
        "type": "Secret Keyword",
        "filename": "docs\\user\\HANDBOOK.md",
        "hashed_secret": "acb78adaa3a2e97d7a2877b988642a275a3aedf8",
        "is_verified": false,
        "line_number": 5874
      },
      {
        "type": "Secret Keyword",
        "filename": "docs\\user\\HANDBOOK.md",
        "hashed_secret": "a8253456364f1bfc7da7ae4a1db5b45d106317a5",
        "is_verified": false,
        "line_number": 6235
      },
      {
        "type": "Secret Keyword",
        "filename": "docs\\user\\HANDBOOK.md",
        "hashed_secret": "11fa7c37d697f30e6aee828b4426a10f83ab2380",
        "is_verified": false,
        "line_number": 6394
      },
      {
        "type": "Secret Keyword",
        "filename": "docs\\user\\HANDBOOK.md",
        "hashed_secret": "51cbd6e679add4778b1e6a65208f725b17ea866b",
        "is_verified": false,
        "line_number": 6409
      },
      {
        "type": "Secret Keyword",
        "filename": "docs\\user\\HANDBOOK.md",
        "hashed_secret": "6b9804e3fc82db4cf44023aaa8d4d17421453c08",
        "is_verified": false,
        "line_number": 6412
      }
    ],
    "host\\_rust_legacy\\config\\default.toml": [
      {
        "type": "Secret Keyword",
        "filename": "host\\_rust_legacy\\config\\default.toml",
        "hashed_secret": "38805f36d91e2cbc3af3ecca67b02cf79b0f7bca",
        "is_verified": false,
        "line_number": 18
      }
    ],
    "host\\_rust_legacy\\config\\dev.toml": [
      {
        "type": "Secret Keyword",
        "filename": "host\\_rust_legacy\\config\\dev.toml",
        "hashed_secret": "6f11cbe18a59ad7fd7efe407ae72eff1d94a450d",
        "is_verified": false,
        "line_number": 10
      }
    ],
    "host\\_rust_legacy\\crates\\core_config\\src\\loader.rs": [
      {
        "type": "Secret Keyword",
        "filename": "host\\_rust_legacy\\crates\\core_config\\src\\loader.rs",
        "hashed_secret": "54053db99b49b4cc046f7b4854a80de3d6dfae71",
        "is_verified": false,
        "line_number": 65
      }
    ],
    "host\\internal\\browseragent\\pageintel\\pageintel_test.go": [
      {
        "type": "Secret Keyword",
        "filename": "host\\internal\\browseragent\\pageintel\\pageintel_test.go",
        "hashed_secret": "f3bbbd66a63d4bf1747940578ec3d0103530e21d",
        "is_verified": false,
        "line_number": 52
      }
    ],
    "host\\internal\\browseragent\\router\\router.go": [
      {
        "type": "Secret Keyword",
        "filename": "host\\internal\\browseragent\\router\\router.go",
        "hashed_secret": "37fa265330ad83eaa879efb1e2db6380896cf639",
        "is_verified": false,
        "line_number": 293
      }
    ],
    "navig\\agent\\auth_profiles.py": [
      {
        "type": "Secret Keyword",
        "filename": "navig\\agent\\auth_profiles.py",
        "hashed_secret": "024dfa5ece2a15fb64a88305ca6e710cdbb382c2",
        "is_verified": false,
        "line_number": 14
      }
    ],
    "navig\\agent\\proactive\\imap_email.py": [
      {
        "type": "Secret Keyword",
        "filename": "navig\\agent\\proactive\\imap_email.py",
        "hashed_secret": "6376b68f268cf37030dd9839539d667c48922c40",
        "is_verified": false,
        "line_number": 28
      }
    ],
    "navig\\commands\\email.py": [
      {
        "type": "Secret Keyword",
        "filename": "navig\\commands\\email.py",
        "hashed_secret": "45d676e7c6ab44cf4b8fa366ef2d8fccd3e6d6e6",
        "is_verified": false,
        "line_number": 162
      }
    ],
    "navig\\commands\\remote.py": [
      {
        "type": "Base64 High Entropy String",
        "filename": "navig\\commands\\remote.py",
        "hashed_secret": "fd8201493aad9512bb25129219813806e68b2c51",
        "is_verified": false,
        "line_number": 558
      }
    ],
    "navig\\core\\config_schema.py": [
      {
        "type": "Secret Keyword",
        "filename": "navig\\core\\config_schema.py",
        "hashed_secret": "5baa61e4c9b93f3f0682250b6cf8331b7ee68fd8",
        "is_verified": false,
        "line_number": 81
      }
    ],
    "navig\\core\\security.py": [
      {
        "type": "Private Key",
        "filename": "navig\\core\\security.py",
        "hashed_secret": "1348b145fa1a555461c1b790a2f66614781091e9",
        "is_verified": false,
        "line_number": 74
      }
    ],
    "navig\\onboarding\\steps.py": [
      {
        "type": "Secret Keyword",
        "filename": "navig\\onboarding\\steps.py",
        "hashed_secret": "939bb46a04c3640c8c427e92b1b557e882e2d2a0",
        "is_verified": false,
        "line_number": 318
      }
    ],
    "navig\\providers\\perplexity.py": [
      {
        "type": "Secret Keyword",
        "filename": "navig\\providers\\perplexity.py",
        "hashed_secret": "05e4bcd7b031cd6255f628df4f8a976559d44f06",
        "is_verified": false,
        "line_number": 414
      }
    ],
    "navig\\providers\\types.py": [
      {
        "type": "Secret Keyword",
        "filename": "navig\\providers\\types.py",
        "hashed_secret": "505032eaf8a3acf9b094a326dfb1cd0537c75a0d",
        "is_verified": false,
        "line_number": 25
      }
    ],
    "navig\\store\\pg_mirror.py": [
      {
        "type": "Basic Auth Credentials",
        "filename": "navig\\store\\pg_mirror.py",
        "hashed_secret": "9d4e1e23bd5b727046a9e3b4b7db57bd8d6ee684",
        "is_verified": false,
        "line_number": 11
      }
    ],
    "navig\\vault\\__init__.py": [
      {
        "type": "Secret Keyword",
        "filename": "navig\\vault\\__init__.py",
        "hashed_secret": "ec3810e10fb78db55ce38b9c18d1c3eb1db739e0",
        "is_verified": false,
        "line_number": 17
      }
    ],
    "navig\\vault\\core.py": [
      {
        "type": "Secret Keyword",
        "filename": "navig\\vault\\core.py",
        "hashed_secret": "ec3810e10fb78db55ce38b9c18d1c3eb1db739e0",
        "is_verified": false,
        "line_number": 49
      },
      {
        "type": "Secret Keyword",
        "filename": "navig\\vault\\core.py",
        "hashed_secret": "59db85718c97565baccfdc97399b359640ad2eff",
        "is_verified": false,
        "line_number": 165
      }
    ],
    "navig\\vault\\types.py": [
      {
        "type": "Secret Keyword",
        "filename": "navig\\vault\\types.py",
        "hashed_secret": "665b1e3851eefefa3fb878654292f16597d25155",
        "is_verified": false,
        "line_number": 17
      },
      {
        "type": "Secret Keyword",
        "filename": "navig\\vault\\types.py",
        "hashed_secret": "5baa61e4c9b93f3f0682250b6cf8331b7ee68fd8",
        "is_verified": false,
        "line_number": 21
      },
      {
        "type": "Secret Keyword",
        "filename": "navig\\vault\\types.py",
        "hashed_secret": "e5e9fa1ba31ecd1ae84f75caaa474f3a663f05f4",
        "is_verified": false,
        "line_number": 203
      }
    ],
    "store\\templates\\grafana\\template.yaml": [
      {
        "type": "Secret Keyword",
        "filename": "store\\templates\\grafana\\template.yaml",
        "hashed_secret": "d033e22ae348aeb5660fc2140aec35850c4da997",
        "is_verified": false,
        "line_number": 66
      }
    ],
    "store\\templates\\mattermost\\template.yaml": [
      {
        "type": "Basic Auth Credentials",
        "filename": "store\\templates\\mattermost\\template.yaml",
        "hashed_secret": "5baa61e4c9b93f3f0682250b6cf8331b7ee68fd8",
        "is_verified": false,
        "line_number": 53
      }
    ],
    "store\\templates\\plausible\\template.yaml": [
      {
        "type": "Basic Auth Credentials",
        "filename": "store\\templates\\plausible\\template.yaml",
        "hashed_secret": "afc848c316af1a89d49826c5ae9d00ed769415f3",
        "is_verified": false,
        "line_number": 56
      }
    ],
    "store\\tools\\telemetry_auditor\\worker.py": [
      {
        "type": "Base64 High Entropy String",
        "filename": "store\\tools\\telemetry_auditor\\worker.py",
        "hashed_secret": "d47ccf80c19f89b2396462988dbdca94dcac83fd",
        "is_verified": false,
        "line_number": 841
      },
      {
        "type": "Base64 High Entropy String",
        "filename": "store\\tools\\telemetry_auditor\\worker.py",
        "hashed_secret": "b6a77747be8c3f2f1dd39a46deedac101a300fa8",
        "is_verified": false,
        "line_number": 850
      },
      {
        "type": "Base64 High Entropy String",
        "filename": "store\\tools\\telemetry_auditor\\worker.py",
        "hashed_secret": "53a8fd34668624ffbaf2bd0883eafb25eb7e08c4",
        "is_verified": false,
        "line_number": 868
      }
    ],
    "store\\tools\\win_perf_tuner\\worker.py": [
      {
        "type": "Base64 High Entropy String",
        "filename": "store\\tools\\win_perf_tuner\\worker.py",
        "hashed_secret": "2603b6f97b42a2c7f3ff7f0da4bbb505d6fc7ab1",
        "is_verified": false,
        "line_number": 42
      }
    ],
    "tests\\conftest.py": [
      {
        "type": "Secret Keyword",
        "filename": "tests\\conftest.py",
        "hashed_secret": "2e7a7ee14caebf378fc32d6cf6f557f347c96773",
        "is_verified": false,
        "line_number": 151
      }
    ],
    "tests\\fixtures\\old_format_apache.yaml": [
      {
        "type": "Secret Keyword",
        "filename": "tests\\fixtures\\old_format_apache.yaml",
        "hashed_secret": "f6b2040e0402783b0a6d8b21c4b981ed15645224",
        "is_verified": false,
        "line_number": 14
      }
    ],
    "tests\\fixtures\\old_format_nginx.yaml": [
      {
        "type": "Secret Keyword",
        "filename": "tests\\fixtures\\old_format_nginx.yaml",
        "hashed_secret": "f2b14f68eb995facb3a1c35287b778d5bd785511",
        "is_verified": false,
        "line_number": 14
      }
    ],
    "tests\\test_api_snapshot.py": [
      {
        "type": "Secret Keyword",
        "filename": "tests\\test_api_snapshot.py",
        "hashed_secret": "bce7db7692aea31b3d05c5a9ada07dbcba9d9cb0",
        "is_verified": false,
        "line_number": 113
      },
      {
        "type": "Secret Keyword",
        "filename": "tests\\test_api_snapshot.py",
        "hashed_secret": "fb0123cbab73d8a58896fbe39b8b7b5b6df15c5e",
        "is_verified": false,
        "line_number": 172
      },
      {
        "type": "Secret Keyword",
        "filename": "tests\\test_api_snapshot.py",
        "hashed_secret": "25ab86bed149ca6ca9c1c0d5db7c9a91388ddeab",
        "is_verified": false,
        "line_number": 180
      },
      {
        "type": "Secret Keyword",
        "filename": "tests\\test_api_snapshot.py",
        "hashed_secret": "b5688dd3ea591885147de8a26205d463b6a9f22f",
        "is_verified": false,
        "line_number": 196
      },
      {
        "type": "Secret Keyword",
        "filename": "tests\\test_api_snapshot.py",
        "hashed_secret": "d73ef92426f2b11dfc4aed4d4bfc41c49ee1087c",
        "is_verified": false,
        "line_number": 211
      },
      {
        "type": "Secret Keyword",
        "filename": "tests\\test_api_snapshot.py",
        "hashed_secret": "13951588fd3325e25ed1e3b116d7009fb221c85e",
        "is_verified": false,
        "line_number": 498
      },
      {
        "type": "Secret Keyword",
        "filename": "tests\\test_api_snapshot.py",
        "hashed_secret": "065c5c297f3c4990036a488c5b6c2a73075d439b",
        "is_verified": false,
        "line_number": 990
      }
    ],
    "tests\\test_auth_profiles.py": [
      {
        "type": "Secret Keyword",
        "filename": "tests\\test_auth_profiles.py",
        "hashed_secret": "b554e89dab9537caa46c0bbf5cbe1c201c770e4e",
        "is_verified": false,
        "line_number": 117
      },
      {
        "type": "Secret Keyword",
        "filename": "tests\\test_auth_profiles.py",
        "hashed_secret": "8b16c5a3e59240481a83ac9e9eccdcbcee426e2b",
        "is_verified": false,
        "line_number": 118
      },
      {
        "type": "Secret Keyword",
        "filename": "tests\\test_auth_profiles.py",
        "hashed_secret": "a9535cccd40a8b7131bb14d24534b934fe8eefaf",
        "is_verified": false,
        "line_number": 129
      }
    ],
    "tests\\test_bridge.py": [
      {
        "type": "Secret Keyword",
        "filename": "tests\\test_bridge.py",
        "hashed_secret": "08edb84aa6b2c00b97e6fe35585641aa7064e538",
        "is_verified": false,
        "line_number": 75
      },
      {
        "type": "Secret Keyword",
        "filename": "tests\\test_bridge.py",
        "hashed_secret": "024192a062e46bb77cb7c438285a0da68c22420d",
        "is_verified": false,
        "line_number": 82
      },
      {
        "type": "Secret Keyword",
        "filename": "tests\\test_bridge.py",
        "hashed_secret": "fe1bae27cb7c1fb823f496f286e78f1d2ae87734",
        "is_verified": false,
        "line_number": 256
      },
      {
        "type": "Secret Keyword",
        "filename": "tests\\test_bridge.py",
        "hashed_secret": "e2b11b2ed070b77e4b45630e0e59171ae5b2b674",
        "is_verified": false,
        "line_number": 275
      },
      {
        "type": "Secret Keyword",
        "filename": "tests\\test_bridge.py",
        "hashed_secret": "7deeb1b520a95d17eb2f4cf59b05d5c5f9e71e4d",
        "is_verified": false,
        "line_number": 280
      }
    ],
    "tests\\test_connection_pool.py": [
      {
        "type": "Secret Keyword",
        "filename": "tests\\test_connection_pool.py",
        "hashed_secret": "e5e9fa1ba31ecd1ae84f75caaa474f3a663f05f4",
        "is_verified": false,
        "line_number": 202
      }
    ],
    "tests\\test_cortex_engine.py": [
      {
        "type": "Secret Keyword",
        "filename": "tests\\test_cortex_engine.py",
        "hashed_secret": "f2b14f68eb995facb3a1c35287b778d5bd785511",
        "is_verified": false,
        "line_number": 352
      }
    ],
    "tests\\test_gateway_server_runtime.py": [
      {
        "type": "Secret Keyword",
        "filename": "tests\\test_gateway_server_runtime.py",
        "hashed_secret": "920a25ef686c4f7ca6ad23dd109d3ad653161832",
        "is_verified": false,
        "line_number": 428
      }
    ],
    "tests\\test_hierarchical_config.py": [
      {
        "type": "Secret Keyword",
        "filename": "tests\\test_hierarchical_config.py",
        "hashed_secret": "69fc2dc3f1ba87a9ae10f3434d0e4a9206543668",
        "is_verified": false,
        "line_number": 75
      },
      {
        "type": "Secret Keyword",
        "filename": "tests\\test_hierarchical_config.py",
        "hashed_secret": "984ddd75fbe83d1b1877f24d48fca8a04d7b7462",
        "is_verified": false,
        "line_number": 107
      }
    ],
    "tests\\test_llm_probe.py": [
      {
        "type": "Secret Keyword",
        "filename": "tests\\test_llm_probe.py",
        "hashed_secret": "d0d019f2cc5dc7dd86f36a8f14fe8da513f5ec4e",
        "is_verified": false,
        "line_number": 142
      },
      {
        "type": "Secret Keyword",
        "filename": "tests\\test_llm_probe.py",
        "hashed_secret": "59db85718c97565baccfdc97399b359640ad2eff",
        "is_verified": false,
        "line_number": 168
      }
    ],
    "tests\\test_matrix.py": [
      {
        "type": "Secret Keyword",
        "filename": "tests\\test_matrix.py",
        "hashed_secret": "e5e9fa1ba31ecd1ae84f75caaa474f3a663f05f4",
        "is_verified": false,
        "line_number": 160
      },
      {
        "type": "Hex High Entropy String",
        "filename": "tests\\test_matrix.py",
        "hashed_secret": "0857abc2d90c5d9821229fc0a880f1c38ffb0e04",
        "is_verified": false,
        "line_number": 1008
      }
    ],
    "tests\\test_mesh_auth.py": [
      {
        "type": "Secret Keyword",
        "filename": "tests\\test_mesh_auth.py",
        "hashed_secret": "8a8281cec699f5e51330e21dd7fab3531af6ef0c",
        "is_verified": false,
        "line_number": 180
      }
    ],
    "tests\\test_migration.py": [
      {
        "type": "Secret Keyword",
        "filename": "tests\\test_migration.py",
        "hashed_secret": "f2b14f68eb995facb3a1c35287b778d5bd785511",
        "is_verified": false,
        "line_number": 44
      }
    ],
    "tests\\test_navig_backup.py": [
      {
        "type": "Secret Keyword",
        "filename": "tests\\test_navig_backup.py",
        "hashed_secret": "f2b14f68eb995facb3a1c35287b778d5bd785511",
        "is_verified": false,
        "line_number": 53
      },
      {
        "type": "Secret Keyword",
        "filename": "tests\\test_navig_backup.py",
        "hashed_secret": "1bf2c476daa25319c33fabbcc8208a567b7059c4",
        "is_verified": false,
        "line_number": 56
      },
      {
        "type": "Secret Keyword",
        "filename": "tests\\test_navig_backup.py",
        "hashed_secret": "59db85718c97565baccfdc97399b359640ad2eff",
        "is_verified": false,
        "line_number": 58
      },
      {
        "type": "Secret Keyword",
        "filename": "tests\\test_navig_backup.py",
        "hashed_secret": "a8751095006d4894966dbead81a3c960a3c785b6",
        "is_verified": false,
        "line_number": 73
      }
    ],
    "tests\\test_onboarding_runtime_secrets.py": [
      {
        "type": "Secret Keyword",
        "filename": "tests\\test_onboarding_runtime_secrets.py",
        "hashed_secret": "185f50a42ffc55c0c878c4af56f34bd38933e9e5",
        "is_verified": false,
        "line_number": 78
      }
    ],
    "tests\\test_policy_gate.py": [
      {
        "type": "Secret Keyword",
        "filename": "tests\\test_policy_gate.py",
        "hashed_secret": "e5e9fa1ba31ecd1ae84f75caaa474f3a663f05f4",
        "is_verified": false,
        "line_number": 191
      }
    ],
    "tests\\test_project_indexer.py": [
      {
        "type": "Secret Keyword",
        "filename": "tests\\test_project_indexer.py",
        "hashed_secret": "e5e9fa1ba31ecd1ae84f75caaa474f3a663f05f4",
        "is_verified": false,
        "line_number": 90
      }
    ],
    "tests\\test_security_fixes.py": [
      {
        "type": "Secret Keyword",
        "filename": "tests\\test_security_fixes.py",
        "hashed_secret": "f1f8581726b2e68500e852620479c09ac05ed280",
        "is_verified": false,
        "line_number": 111
      }
    ],
    "tests\\test_webhooks.py": [
      {
        "type": "Secret Keyword",
        "filename": "tests\\test_webhooks.py",
        "hashed_secret": "fe1bae27cb7c1fb823f496f286e78f1d2ae87734",
        "is_verified": false,
        "line_number": 25
      },
      {
        "type": "Secret Keyword",
        "filename": "tests\\test_webhooks.py",
        "hashed_secret": "e5e9fa1ba31ecd1ae84f75caaa474f3a663f05f4",
        "is_verified": false,
        "line_number": 56
      },
      {
        "type": "Secret Keyword",
        "filename": "tests\\test_webhooks.py",
        "hashed_secret": "5c5a15a8b0b3e154d77746945e563ba40100681b",
        "is_verified": false,
        "line_number": 85
      },
      {
        "type": "Secret Keyword",
        "filename": "tests\\test_webhooks.py",
        "hashed_secret": "76250810404b5ed0dd9b193bda7278d7f166a664",
        "is_verified": false,
        "line_number": 194
      }
    ],
    "tests\\vault\\test_vault.py": [
      {
        "type": "Secret Keyword",
        "filename": "tests\\vault\\test_vault.py",
        "hashed_secret": "425697fa9692ea5035739863d2481dbfcddfa31f",
        "is_verified": false,
        "line_number": 99
      },
      {
        "type": "Secret Keyword",
        "filename": "tests\\vault\\test_vault.py",
        "hashed_secret": "1bdb819b553a3ebcdf42833ea0e5c05b8dac455c",
        "is_verified": false,
        "line_number": 328
      },
      {
        "type": "Secret Keyword",
        "filename": "tests\\vault\\test_vault.py",
        "hashed_secret": "e9e68e28123fb742a2db5438bd16061ff8973a88",
        "is_verified": false,
        "line_number": 346
      },
      {
        "type": "Secret Keyword",
        "filename": "tests\\vault\\test_vault.py",
        "hashed_secret": "6b8f36db289d14c3c7ba1bb21147b7a4fa7e7536",
        "is_verified": false,
        "line_number": 360
      },
      {
        "type": "Secret Keyword",
        "filename": "tests\\vault\\test_vault.py",
        "hashed_secret": "37a33aa9f99af2286aa1e85cc4d03e9a3fd732a8",
        "is_verified": false,
        "line_number": 368
      },
      {
        "type": "Secret Keyword",
        "filename": "tests\\vault\\test_vault.py",
        "hashed_secret": "a1b49d68a91fdf9c9217773f3fac988d77fa0f50",
        "is_verified": false,
        "line_number": 378
      },
      {
        "type": "Secret Keyword",
        "filename": "tests\\vault\\test_vault.py",
        "hashed_secret": "a9fdc133b66a531cc358e97cba43a2e69fbcbbbb",
        "is_verified": false,
        "line_number": 384
      },
      {
        "type": "Secret Keyword",
        "filename": "tests\\vault\\test_vault.py",
        "hashed_secret": "a2ab1959c1c3bfa295b0fc90199378272db76b45",
        "is_verified": false,
        "line_number": 398
      },
      {
        "type": "Secret Keyword",
        "filename": "tests\\vault\\test_vault.py",
        "hashed_secret": "bfeb734d2eb5d0915145c1861248757d4fd32bc2",
        "is_verified": false,
        "line_number": 400
      },
      {
        "type": "Secret Keyword",
        "filename": "tests\\vault\\test_vault.py",
        "hashed_secret": "666c100dab549a6f56da7da546bd848ed5086541",
        "is_verified": false,
        "line_number": 414
      },
      {
        "type": "Secret Keyword",
        "filename": "tests\\vault\\test_vault.py",
        "hashed_secret": "80ddcbaddc153d0ceea8e1d0e3e24f62bb626cfc",
        "is_verified": false,
        "line_number": 420
      },
      {
        "type": "Secret Keyword",
        "filename": "tests\\vault\\test_vault.py",
        "hashed_secret": "e48c47f1431afd3bb030deea266b4309e2228c5b",
        "is_verified": false,
        "line_number": 434
      },
      {
        "type": "Secret Keyword",
        "filename": "tests\\vault\\test_vault.py",
        "hashed_secret": "65529d0adfb59add10894e14277d36c2f3e7d6ec",
        "is_verified": false,
        "line_number": 454
      },
      {
        "type": "Secret Keyword",
        "filename": "tests\\vault\\test_vault.py",
        "hashed_secret": "9432dce08f2363355d727c02de65fb6e2caa4080",
        "is_verified": false,
        "line_number": 474
      },
      {
        "type": "Secret Keyword",
        "filename": "tests\\vault\\test_vault.py",
        "hashed_secret": "a62f2225bf70bfaccbc7f1ef2a397836717377de",
        "is_verified": false,
        "line_number": 496
      },
      {
        "type": "Secret Keyword",
        "filename": "tests\\vault\\test_vault.py",
        "hashed_secret": "9cea46b39bd44a1ef9f3e71bfe9e45c24d3300f6",
        "is_verified": false,
        "line_number": 539
      },
      {
        "type": "Secret Keyword",
        "filename": "tests\\vault\\test_vault.py",
        "hashed_secret": "8e51f208762044c642615024cb09f9f15276b277",
        "is_verified": false,
        "line_number": 574
      },
      {
        "type": "Secret Keyword",
        "filename": "tests\\vault\\test_vault.py",
        "hashed_secret": "3bee216ebc256d692260fc3adc765050508fef5e",
        "is_verified": false,
        "line_number": 596
      },
      {
        "type": "Secret Keyword",
        "filename": "tests\\vault\\test_vault.py",
        "hashed_secret": "fb0123cbab73d8a58896fbe39b8b7b5b6df15c5e",
        "is_verified": false,
        "line_number": 753
      },
      {
        "type": "Secret Keyword",
        "filename": "tests\\vault\\test_vault.py",
        "hashed_secret": "e9a5f12a8ecbb3eb46eca5096b5c52aa5e7c9fdd",
        "is_verified": false,
        "line_number": 820
      },
      {
        "type": "Secret Keyword",
        "filename": "tests\\vault\\test_vault.py",
        "hashed_secret": "08edb84aa6b2c00b97e6fe35585641aa7064e538",
        "is_verified": false,
        "line_number": 854
      },
      {
        "type": "Secret Keyword",
        "filename": "tests\\vault\\test_vault.py",
        "hashed_secret": "6f2cba3ab04c452c52e42cd7edbab2e7b8c5db0f",
        "is_verified": false,
        "line_number": 858
      },
      {
        "type": "Secret Keyword",
        "filename": "tests\\vault\\test_vault.py",
        "hashed_secret": "79bead8e6d65862a00cffaa12ccde1189ec34d29",
        "is_verified": false,
        "line_number": 1084
      },
      {
        "type": "Secret Keyword",
        "filename": "tests\\vault\\test_vault.py",
        "hashed_secret": "bb3be8e9392f90cd6fdd90f9ffc3cc40e2d6b670",
        "is_verified": false,
        "line_number": 1220
      },
      {
        "type": "Secret Keyword",
        "filename": "tests\\vault\\test_vault.py",
        "hashed_secret": "24200d76a8de580a4d268f7f7bcb418220c24c4f",
        "is_verified": false,
        "line_number": 1272
      }
    ]
  },
  "generated_at": "2026-03-27T04:55:44Z"
}
