============================= test session starts =============================
collected 5264 items

tests\connectors\test_circuit_breaker.py ............                    [  0%]
tests\connectors\test_connector_cmd.py ...............................   [  0%]
tests\connectors\test_errors.py ......                                   [  0%]
tests\connectors\test_gmail.py ..........                                [  1%]
tests\connectors\test_google_calendar.py ............                    [  1%]
tests\connectors\test_perplexity.py ...................                  [  1%]
tests\connectors\test_registry.py ..............                         [  1%]
tests\connectors\test_smart_linker.py .....                              [  2%]
tests\connectors\test_types.py ..............                            [  2%]
tests\e2e\test_gateway_api.py ..                                         [  2%]
tests\importers\test_chromium.py ..                                      [  2%]
tests\importers\test_core.py .......                                     [  2%]
tests\importers\test_firefox.py .                                        [  2%]
tests\importers\test_models.py ..                                        [  2%]
tests\importers\test_safari.py .                                         [  2%]
tests\importers\test_telegram.py ....                                    [  2%]
tests\importers\test_winscp.py ...                                       [  2%]
tests\mesh\test_registry.py ...........                                  [  2%]
tests\providers\test_registry.py ...........................             [  3%]
tests\providers\test_source_scan.py ..                                   [  3%]
tests\selfheal\test_git_manager.py .........                             [  3%]
tests\selfheal\test_patcher.py ...........                               [  3%]
tests\selfheal\test_scanner.py ...........                               [  4%]
tests\test_agent.py ............................................         [  4%]
tests\test_agent_config.py .......                                       [  5%]
tests\test_agent_continuation_cli.py ...                                 [  5%]
tests\test_agent_modules.py ............................................ [  5%]
...........................................................              [  7%]
tests\test_agent_service_cli.py .                                        [  7%]
tests\test_agent_session_store.py ...................................... [  7%]
................................                                         [  8%]
tests\test_agent_status_speculative.py .                                 [  8%]
tests\test_agent_tool_dispatch.py ......................                 [  8%]
tests\test_ahk_adapter.py .....                                          [  8%]
tests\test_ahk_evolver.py .......                                        [  9%]
tests\test_ai_client.py .....                                            [  9%]
tests\test_ai_commands.py ....................                           [  9%]
tests\test_ai_unicode.py ..                                              [  9%]
tests\test_all_modules.py ..................                             [  9%]
tests\test_api_snapshot.py ............................................. [ 10%]
..........................                                               [ 11%]
tests\test_approval.py .............                                     [ 11%]
tests\test_approval_gate.py ........                                     [ 11%]
tests\test_audio_handler.py ...............                              [ 11%]
tests\test_auth_profiles.py ................                             [ 12%]
tests\test_auto_evolve.py ........................
